./external/asm/org/objectweb/asm/AnnotationVisitor.java
./external/asm/org/objectweb/asm/AnnotationWriter.java
./external/asm/org/objectweb/asm/Attribute.java
./external/asm/org/objectweb/asm/ByteVector.java
./external/asm/org/objectweb/asm/ClassAdapter.java
./external/asm/org/objectweb/asm/ClassReader.java
./external/asm/org/objectweb/asm/ClassVisitor.java
./external/asm/org/objectweb/asm/ClassWriter.java
./external/asm/org/objectweb/asm/Edge.java
./external/asm/org/objectweb/asm/FieldVisitor.java
./external/asm/org/objectweb/asm/FieldWriter.java
./external/asm/org/objectweb/asm/Handler.java
./external/asm/org/objectweb/asm/Item.java
./external/asm/org/objectweb/asm/Label.java
./external/asm/org/objectweb/asm/MethodAdapter.java
./external/asm/org/objectweb/asm/MethodVisitor.java
./external/asm/org/objectweb/asm/MethodWriter.java
./external/asm/org/objectweb/asm/Opcodes.java
./external/asm/org/objectweb/asm/Type.java
./external/asm/org/objectweb/asm/attrs/StackMapAttribute.java
./external/asm/org/objectweb/asm/attrs/StackMapFrame.java
./external/asm/org/objectweb/asm/attrs/StackMapTableAttribute.java
./external/asm/org/objectweb/asm/attrs/StackMapType.java
./external/asm/org/objectweb/asm/commons/AdviceAdapter.java
./external/asm/org/objectweb/asm/commons/EmptyVisitor.java
./external/asm/org/objectweb/asm/commons/GeneratorAdapter.java
./external/asm/org/objectweb/asm/commons/LocalVariablesSorter.java
./external/asm/org/objectweb/asm/commons/Method.java
./external/asm/org/objectweb/asm/commons/SerialVersionUIDAdder.java
./external/asm/org/objectweb/asm/commons/StaticInitMerger.java
./external/asm/org/objectweb/asm/commons/TableSwitchGenerator.java
./external/asm/org/objectweb/asm/optimizer/AnnotationConstantsCollector.java
./external/asm/org/objectweb/asm/optimizer/ClassConstantsCollector.java
./external/asm/org/objectweb/asm/optimizer/ClassOptimizer.java
./external/asm/org/objectweb/asm/optimizer/Constant.java
./external/asm/org/objectweb/asm/optimizer/ConstantPool.java
./external/asm/org/objectweb/asm/optimizer/FieldConstantsCollector.java
./external/asm/org/objectweb/asm/optimizer/JarOptimizer.java
./external/asm/org/objectweb/asm/optimizer/MethodConstantsCollector.java
./external/asm/org/objectweb/asm/optimizer/MethodOptimizer.java
./external/asm/org/objectweb/asm/optimizer/NameMapping.java
./external/asm/org/objectweb/asm/optimizer/Shrinker.java
./external/asm/org/objectweb/asm/signature/SignatureReader.java
./external/asm/org/objectweb/asm/signature/SignatureVisitor.java
./external/asm/org/objectweb/asm/signature/SignatureWriter.java
./external/asm/org/objectweb/asm/tree/AbstractInsnNode.java
./external/asm/org/objectweb/asm/tree/AnnotationNode.java
./external/asm/org/objectweb/asm/tree/ClassNode.java
./external/asm/org/objectweb/asm/tree/FieldInsnNode.java
./external/asm/org/objectweb/asm/tree/FieldNode.java
./external/asm/org/objectweb/asm/tree/IincInsnNode.java
./external/asm/org/objectweb/asm/tree/InnerClassNode.java
./external/asm/org/objectweb/asm/tree/InsnNode.java
./external/asm/org/objectweb/asm/tree/IntInsnNode.java
./external/asm/org/objectweb/asm/tree/JumpInsnNode.java
./external/asm/org/objectweb/asm/tree/LabelNode.java
./external/asm/org/objectweb/asm/tree/LdcInsnNode.java
./external/asm/org/objectweb/asm/tree/LineNumberNode.java
./external/asm/org/objectweb/asm/tree/LocalVariableNode.java
./external/asm/org/objectweb/asm/tree/LookupSwitchInsnNode.java
./external/asm/org/objectweb/asm/tree/MemberNode.java
./external/asm/org/objectweb/asm/tree/MethodInsnNode.java
./external/asm/org/objectweb/asm/tree/MethodNode.java
./external/asm/org/objectweb/asm/tree/MultiANewArrayInsnNode.java
./external/asm/org/objectweb/asm/tree/TableSwitchInsnNode.java
./external/asm/org/objectweb/asm/tree/TryCatchBlockNode.java
./external/asm/org/objectweb/asm/tree/TypeInsnNode.java
./external/asm/org/objectweb/asm/tree/VarInsnNode.java
./external/asm/org/objectweb/asm/tree/analysis/Analyzer.java
./external/asm/org/objectweb/asm/tree/analysis/AnalyzerException.java
./external/asm/org/objectweb/asm/tree/analysis/BasicInterpreter.java
./external/asm/org/objectweb/asm/tree/analysis/BasicValue.java
./external/asm/org/objectweb/asm/tree/analysis/BasicVerifier.java
./external/asm/org/objectweb/asm/tree/analysis/DataflowInterpreter.java
./external/asm/org/objectweb/asm/tree/analysis/DataflowValue.java
./external/asm/org/objectweb/asm/tree/analysis/Frame.java
./external/asm/org/objectweb/asm/tree/analysis/IntMap.java
./external/asm/org/objectweb/asm/tree/analysis/Interpreter.java
./external/asm/org/objectweb/asm/tree/analysis/SimpleVerifier.java
./external/asm/org/objectweb/asm/tree/analysis/SmallSet.java
./external/asm/org/objectweb/asm/tree/analysis/Subroutine.java
./external/asm/org/objectweb/asm/tree/analysis/Value.java
./external/asm/org/objectweb/asm/util/ASMifierAbstractVisitor.java
./external/asm/org/objectweb/asm/util/ASMifierAnnotationVisitor.java
./external/asm/org/objectweb/asm/util/ASMifierClassVisitor.java
./external/asm/org/objectweb/asm/util/ASMifierFieldVisitor.java
./external/asm/org/objectweb/asm/util/ASMifierMethodVisitor.java
./external/asm/org/objectweb/asm/util/AbstractVisitor.java
./external/asm/org/objectweb/asm/util/CheckAnnotationAdapter.java
./external/asm/org/objectweb/asm/util/CheckClassAdapter.java
./external/asm/org/objectweb/asm/util/CheckFieldAdapter.java
./external/asm/org/objectweb/asm/util/CheckMethodAdapter.java
./external/asm/org/objectweb/asm/util/TraceAbstractVisitor.java
./external/asm/org/objectweb/asm/util/TraceAnnotationVisitor.java
./external/asm/org/objectweb/asm/util/TraceClassVisitor.java
./external/asm/org/objectweb/asm/util/TraceFieldVisitor.java
./external/asm/org/objectweb/asm/util/TraceMethodVisitor.java
./external/asm/org/objectweb/asm/util/TraceSignatureVisitor.java
./external/asm/org/objectweb/asm/util/attrs/ASMStackMapAttribute.java
./external/asm/org/objectweb/asm/util/attrs/ASMStackMapTableAttribute.java
./external/asm/org/objectweb/asm/util/attrs/ASMifiable.java
./external/asm/org/objectweb/asm/util/attrs/Traceable.java
./external/asm/org/objectweb/asm/xml/ASMContentHandler.java
./external/asm/org/objectweb/asm/xml/Processor.java
./external/asm/org/objectweb/asm/xml/SAXAdapter.java
./external/asm/org/objectweb/asm/xml/SAXAnnotationAdapter.java
./external/asm/org/objectweb/asm/xml/SAXClassAdapter.java
./external/asm/org/objectweb/asm/xml/SAXCodeAdapter.java
./external/asm/org/objectweb/asm/xml/SAXFieldAdapter.java
