./gnu/classpath/tools/FileSystemClassLoader.java
./gnu/classpath/tools/IOToolkit.java
./gnu/classpath/tools/MalformedInputEvent.java
./gnu/classpath/tools/MalformedInputListener.java
./gnu/classpath/tools/NotifyingInputStreamReader.java
./gnu/classpath/tools/StringToolkit.java
./gnu/classpath/tools/appletviewer/AppletClassLoader.java
./gnu/classpath/tools/appletviewer/AppletSecurityManager.java
./gnu/classpath/tools/appletviewer/AppletTag.java
./gnu/classpath/tools/appletviewer/CommonAppletContext.java
./gnu/classpath/tools/appletviewer/CommonAppletStub.java
./gnu/classpath/tools/appletviewer/ErrorApplet.java
./gnu/classpath/tools/appletviewer/Main.java
./gnu/classpath/tools/appletviewer/Messages.java
./gnu/classpath/tools/appletviewer/PluginAppletContext.java
./gnu/classpath/tools/appletviewer/PluginAppletViewer.java
./gnu/classpath/tools/appletviewer/PluginAppletWindow.java
./gnu/classpath/tools/appletviewer/StandaloneAppletContext.java
./gnu/classpath/tools/appletviewer/StandaloneAppletViewer.java
./gnu/classpath/tools/appletviewer/StandaloneAppletWindow.java
./gnu/classpath/tools/appletviewer/TagParser.java
./gnu/classpath/tools/common/CallbackUtil.java
./gnu/classpath/tools/common/ClasspathToolParser.java
./gnu/classpath/tools/common/Messages.java
./gnu/classpath/tools/common/Persistent.java
./gnu/classpath/tools/common/ProviderUtil.java
./gnu/classpath/tools/common/SecurityProviderInfo.java
./gnu/classpath/tools/getopt/FileArgumentCallback.java
./gnu/classpath/tools/getopt/Messages.java
./gnu/classpath/tools/getopt/Option.java
./gnu/classpath/tools/getopt/OptionException.java
./gnu/classpath/tools/getopt/OptionGroup.java
./gnu/classpath/tools/getopt/Parser.java
./gnu/classpath/tools/jar/Action.java
./gnu/classpath/tools/jar/Creator.java
./gnu/classpath/tools/jar/Entry.java
./gnu/classpath/tools/jar/Extractor.java
./gnu/classpath/tools/jar/Indexer.java
./gnu/classpath/tools/jar/Lister.java
./gnu/classpath/tools/jar/Main.java
./gnu/classpath/tools/jar/Messages.java
./gnu/classpath/tools/jar/Updater.java
./gnu/classpath/tools/jar/WorkSet.java
./gnu/classpath/tools/jarsigner/HashUtils.java
./gnu/classpath/tools/jarsigner/JarSigner.java
./gnu/classpath/tools/jarsigner/JarVerifier.java
./gnu/classpath/tools/jarsigner/Main.java
./gnu/classpath/tools/jarsigner/Messages.java
./gnu/classpath/tools/jarsigner/SFHelper.java
./gnu/classpath/tools/java2xhtml/Java2xhtml.java
./gnu/classpath/tools/javah/ClassWrapper.java
./gnu/classpath/tools/javah/CniIncludePrinter.java
./gnu/classpath/tools/javah/CniPrintStream.java
./gnu/classpath/tools/javah/CniStubPrinter.java
./gnu/classpath/tools/javah/FieldHelper.java
./gnu/classpath/tools/javah/GcjhMain.java
./gnu/classpath/tools/javah/JniHelper.java
./gnu/classpath/tools/javah/JniIncludePrinter.java
./gnu/classpath/tools/javah/JniPrintStream.java
./gnu/classpath/tools/javah/JniStubPrinter.java
./gnu/classpath/tools/javah/Keywords.java
./gnu/classpath/tools/javah/Main.java
./gnu/classpath/tools/javah/MethodHelper.java
./gnu/classpath/tools/javah/PackageWrapper.java
./gnu/classpath/tools/javah/PathOptionGroup.java
./gnu/classpath/tools/javah/Printer.java
./gnu/classpath/tools/javah/Text.java
./gnu/classpath/tools/keytool/CACertCmd.java
./gnu/classpath/tools/keytool/CertReqCmd.java
./gnu/classpath/tools/keytool/Command.java
./gnu/classpath/tools/keytool/DeleteCmd.java
./gnu/classpath/tools/keytool/ExportCmd.java
./gnu/classpath/tools/keytool/GenKeyCmd.java
./gnu/classpath/tools/keytool/IdentityDBCmd.java
./gnu/classpath/tools/keytool/ImportCmd.java
./gnu/classpath/tools/keytool/KeyCloneCmd.java
./gnu/classpath/tools/keytool/KeyPasswdCmd.java
./gnu/classpath/tools/keytool/ListCmd.java
./gnu/classpath/tools/keytool/Main.java
./gnu/classpath/tools/keytool/Messages.java
./gnu/classpath/tools/keytool/PrintCertCmd.java
./gnu/classpath/tools/keytool/SelfCertCmd.java
./gnu/classpath/tools/keytool/StorePasswdCmd.java
./gnu/classpath/tools/native2ascii/Messages.java
./gnu/classpath/tools/native2ascii/Native2ASCII.java
./gnu/classpath/tools/orbd/Main.java
./gnu/classpath/tools/orbd/Messages.java
./gnu/classpath/tools/orbd/PersistentContext.java
./gnu/classpath/tools/orbd/PersistentContextMap.java
./gnu/classpath/tools/orbd/PersistentMap.java
./gnu/classpath/tools/rmic/AbstractMethodGenerator.java
./gnu/classpath/tools/rmic/ClassRmicCompiler.java
./gnu/classpath/tools/rmic/CompilationError.java
./gnu/classpath/tools/rmic/Generator.java
./gnu/classpath/tools/rmic/GiopIo.java
./gnu/classpath/tools/rmic/HashFinder.java
./gnu/classpath/tools/rmic/Main.java
./gnu/classpath/tools/rmic/Messages.java
./gnu/classpath/tools/rmic/MethodGenerator.java
./gnu/classpath/tools/rmic/RMICException.java
./gnu/classpath/tools/rmic/RmiMethodGenerator.java
./gnu/classpath/tools/rmic/RmicBackend.java
./gnu/classpath/tools/rmic/SourceGiopRmicCompiler.java
./gnu/classpath/tools/rmic/SourceRmicCompiler.java
./gnu/classpath/tools/rmic/Variables.java
./gnu/classpath/tools/rmic/WrapUnWrapper.java
./gnu/classpath/tools/rmid/ActivationSystemImpl.java
./gnu/classpath/tools/rmid/ActivationSystemImpl_Stub.java
./gnu/classpath/tools/rmid/Main.java
./gnu/classpath/tools/rmid/Messages.java
./gnu/classpath/tools/rmid/PersistentBidiHashTable.java
./gnu/classpath/tools/rmiregistry/Main.java
./gnu/classpath/tools/rmiregistry/Messages.java
./gnu/classpath/tools/rmiregistry/PersistentHashTable.java
./gnu/classpath/tools/rmiregistry/RegistryImpl.java
./gnu/classpath/tools/rmiregistry/RegistryImpl_Skel.java
./gnu/classpath/tools/rmiregistry/RegistryImpl_Stub.java
./gnu/classpath/tools/serialver/Messages.java
./gnu/classpath/tools/serialver/SerialVer.java
./gnu/classpath/tools/tnameserv/Main.java
./gnu/classpath/tools/tnameserv/Messages.java
./com/sun/tools/javac/Main.java
./com/sun/tools/javac/Messages.java
./com/sun/tools/javah/Main.java
./sun/rmi/rmic/Main.java
./sun/rmi/rmic/Messages.java
