# libgnutls-extra.map -- libgnutls-extra linker version script-*- ld-script -*-
# Copyright (C) 2005, 2007, 2008, 2009, 2010 Free Software Foundation,
# Inc.
#
# Author: Simon Josefsson
#
# This file is part of GnuTLS-EXTRA.
#
# GnuTLS-extra is free software; you can redistribute it and/or
# modify it under the terms of the GNU General Public License as
# published by the Free Software Foundation; either version 3 of the
# License, or (at your option) any later version.
#
# GnuTLS-extra is distributed in the hope that it will be useful, but
# WITHOUT ANY WARRANTY; without even the implied warranty of
# MERCHANTABILITY or FITNESS FOR A PARTICULAR PURPOSE.  See the GNU
# General Public License for more details.
#
# You should have received a copy of the GNU General Public License
# along with GnuTLS-EXTRA; if not, write to the Free Software
# Foundation, Inc., 51 Franklin Street, Fifth Floor, Boston, MA
# 02110-1301, USA.

GNUTLS_1_4
{
  global:
    gnutls_extra_check_version;
    gnutls_global_init_extra;
    gnutls_ia_allocate_client_credentials;
    gnutls_ia_allocate_server_credentials;
    gnutls_ia_enable;
    gnutls_ia_endphase_send;
    gnutls_ia_extract_inner_secret;
    gnutls_ia_free_client_credentials;
    gnutls_ia_free_server_credentials;
    gnutls_ia_generate_challenge;
    gnutls_ia_get_client_avp_ptr;
    gnutls_ia_get_server_avp_ptr;
    gnutls_ia_handshake;
    gnutls_ia_handshake_p;
    gnutls_ia_permute_inner_secret;
    gnutls_ia_recv;
    gnutls_ia_send;
    gnutls_ia_set_client_avp_function;
    gnutls_ia_set_client_avp_ptr;
    gnutls_ia_set_server_avp_function;
    gnutls_ia_set_server_avp_ptr;
    gnutls_ia_verify_endphase;
    gnutls_register_md5_handler;

  local:
    *;
};
